; TECkit mapping for TeX input conventions <-> Unicode characters

LHSName "Georgian-to-Latinpkb" ; plain keyboard
RHSName "UNICODE"

pass(Unicode)

; ligatures from Knuth's original CMR fonts
U+002D U+002D           <>  U+2013  ; -- -> en dash
U+002D U+002D U+002D    <>  U+2014  ; --- -> em dash

U+0027          <>  U+2019  ; ' -> right single quote
U+0027 U+0027   <>  U+201D  ; '' -> right double quote
U+0022           >  U+201D  ; " -> right double quote

U+0060          <>  U+2018  ; ` -> left single quote
U+0060 U+0060   <>  U+201C  ; `` -> left double quote

U+0021 U+0060   <>  U+00A1  ; !` -> inverted exclam
U+003F U+0060   <>  U+00BF  ; ?` -> inverted question

; additions supported in T1 encoding
U+002C U+002C   <>  U+201E  ; ,, -> DOUBLE LOW-9 QUOTATION MARK
U+003C U+003C   <>  U+00AB  ; << -> LEFT POINTING GUILLEMET
U+003E U+003E   <>  U+00BB  ; >> -> RIGHT POINTING GUILLEMET


;==========================
 U+10D0 <>  U+0061; ა a
 U+10D1 <>  U+0062; ბ b
 U+10D2 <>  U+0067; გ g
 U+10D3 <>  U+0064; დ d
 U+10D4 <>  U+0065; ე e
 U+10D5 <>  U+0076; ვ v
 U+10D6 <>  U+007A; ზ z
 U+10F1 <>  U+0065 U+0065; ჱ ee
 U+10D7 <>  U+0074 U+0068; თ th
 U+10D8 <>  U+0069; ი i
 U+10D9 <>  U+006B; კ k
 U+10DA <>  U+006C; ლ l
 U+10DB <>  U+006D; მ m
 U+10DC <>  U+006E; ნ n
 U+10F2 <>  U+006A; ჲ j
 U+10DD <>  U+006F; ო o
 U+10DE <>  U+0070; პ p
 U+10DF <>  U+007A U+0068; ჟ zh
 U+10E0 <>  U+0072; რ r
 U+10E1 <>  U+0073; ს s
 U+10E2 <>  U+0074; ტ t
 U+10F3 <>  U+0077; ჳ w
 U+10E3 <>  U+0075; უ u
 U+10E4 <>  U+0070 U+0068; ფ ph
 U+10E5 <>  U+006B U+0068; ქ kh
 U+10E6 <>  U+0067 U+0068; ღ gh
 U+10E7 <>  U+0071; ყ q
 U+10E8 <>  U+0073 U+0068; შ sh
 U+10E9 <>  U+0074 U+0073 U+0068; ჩ tsh
 U+10EA <>  U+0074 U+0073; ც ts
 U+10EB <>  U+006A; ძ j
 U+10EC <>  U+0063; წ c
 U+10ED <>  U+0063 U+0068; ჭ ch
 U+10EE <>  U+0078; ხ x
 U+10F4 <>  U+0071 U+0068; ჴ qh
 U+10EF <>  U+006A; ჯ j
 U+10F0 <>  U+0068; ჰ h
 U+10F5 <>  U+006F U+006F; ჵ oo
